{
    "Merge counts - filter out genes with zero counts": {
        "content": [
            {
                "0": [
                    "all_counts.parquet:md5,caf7153ab90e35843c1c257f5b75d739"
                ],
                "1": [
                    "candidate_gene_counts.parquet:md5,21a51d1f6e9070c19467f18a9f26cc34"
                ],
                "2": [
                    [
                        "MERGE_DATA",
                        "python",
                        "3.12.8"
                    ]
                ],
                "3": [
                    [
                        "MERGE_DATA",
                        "polars",
                        "1.17.1"
                    ]
                ],
                "all_counts": [
                    "all_counts.parquet:md5,caf7153ab90e35843c1c257f5b75d739"
                ],
                "candidate_gene_counts": [
                    "candidate_gene_counts.parquet:md5,21a51d1f6e9070c19467f18a9f26cc34"
                ]
            }
        ],
        "meta": {
            "nf-test": "0.9.2",
            "nextflow": "24.10.4"
        },
        "timestamp": "2025-02-04T10:26:18.913119056"
    }
}