{
    "Merge counts - filter out genes with zero counts": {
        "content": [
            {
                "0": [
                    "all_counts.parquet:md5,cc26c33868c694c06e45338c1b4d0a77"
                ],
                "1": [
                    "all_designs.csv:md5,32614fc915e7f2748f4c2f749bb688ec"
                ],
                "2": [
                    "gene_count_statistics.csv:md5,d395a266cf15666d7fc37fbadef8b04e"
                ],
                "3": [
                    "skewness_statistics.csv:md5,dd1fe24d19d2ac79422a51c44785bbd9"
                ],
                "4": [
                    "ks_test_statistics.csv:md5,87bc6978e83cbb23d0269779aa6d8f37"
                ],
                "5": [
                    "candidate_gene_counts.parquet:md5,bd82490ae5db9d510090a0b271e74710"
                ],
                "6": [
                    [
                        "MERGE_DATA",
                        "python",
                        "3.12.8"
                    ]
                ],
                "7": [
                    [
                        "MERGE_DATA",
                        "polars",
                        "1.17.1"
                    ]
                ],
                "all_counts": [
                    "all_counts.parquet:md5,cc26c33868c694c06e45338c1b4d0a77"
                ],
                "all_designs": [
                    "all_designs.csv:md5,32614fc915e7f2748f4c2f749bb688ec"
                ],
                "candidate_gene_counts": [
                    "candidate_gene_counts.parquet:md5,bd82490ae5db9d510090a0b271e74710"
                ],
                "gene_count_statistics": [
                    "gene_count_statistics.csv:md5,d395a266cf15666d7fc37fbadef8b04e"
                ],
                "ks_test_statistics": [
                    "ks_test_statistics.csv:md5,87bc6978e83cbb23d0269779aa6d8f37"
                ],
                "skewness_statistics": [
                    "skewness_statistics.csv:md5,dd1fe24d19d2ac79422a51c44785bbd9"
                ]
            }
        ],
        "meta": {
            "nf-test": "0.9.2",
            "nextflow": "24.10.4"
        },
        "timestamp": "2025-02-08T19:30:36.70542347"
    }
}