{
    "Merge counts - filter out genes with zero counts": {
        "content": [
            {
                "0": [
                    "all_counts.parquet:md5,04904bd64592a834444d124ef3d7f550"
                ],
                "1": [
                    "candidate_gene_counts.parquet:md5,04904bd64592a834444d124ef3d7f550"
                ],
                "2": [
                    [
                        "MERGE_DATA",
                        "python",
                        "3.12.8"
                    ]
                ],
                "3": [
                    [
                        "MERGE_DATA",
                        "polars",
                        "1.17.1"
                    ]
                ],
                "all_counts": [
                    "all_counts.parquet:md5,04904bd64592a834444d124ef3d7f550"
                ],
                "candidate_gene_counts": [
                    "candidate_gene_counts.parquet:md5,04904bd64592a834444d124ef3d7f550"
                ]
            }
        ],
        "meta": {
            "nf-test": "0.9.2",
            "nextflow": "24.10.3"
        },
        "timestamp": "2025-02-05T12:00:22.17267001"
    }
}