{
    "With m-measures": {
        "content": [
            {
                "0": [
                    "top_stable_genes_summary.csv:md5,998b10612f987448f64b000d4d959569"
                ],
                "1": [
                    "stats_all_genes.csv:md5,435d278903d1d5fa9ed7271a23bfad05"
                ],
                "2": [
                    "all_log_counts.csv:md5,74ac847e228e3199ac0220ee694d51d4"
                ],
                "3": [
                    "top_stable_genes_transposed_log_counts.csv:md5,d716bee1ec75f94ca2ee2f89db8b035f"
                ],
                "4": [
                    [
                        "GENE_STATISTICS",
                        "python",
                        "3.12.8"
                    ]
                ],
                "5": [
                    [
                        "GENE_STATISTICS",
                        "polars",
                        "1.17.1"
                    ]
                ],
                "all_statistics": [
                    "stats_all_genes.csv:md5,435d278903d1d5fa9ed7271a23bfad05"
                ],
                "log_counts": [
                    "all_log_counts.csv:md5,74ac847e228e3199ac0220ee694d51d4"
                ],
                "top_stable_genes_summary": [
                    "top_stable_genes_summary.csv:md5,998b10612f987448f64b000d4d959569"
                ],
                "top_stable_genes_transposed_log_counts": [
                    "top_stable_genes_transposed_log_counts.csv:md5,d716bee1ec75f94ca2ee2f89db8b035f"
                ]
            }
        ],
        "meta": {
            "nf-test": "0.9.2",
            "nextflow": "24.10.4"
        },
        "timestamp": "2025-02-08T18:00:14.625596851"
    },
    "Without variation data": {
        "content": [
            {
                "0": [
                    "top_stable_genes_summary.csv:md5,1058d42898252f207a326ce2aa95559f"
                ],
                "1": [
                    "stats_all_genes.csv:md5,9bc5ae8a7ca6dbd4eb95024dac221828"
                ],
                "2": [
                    "all_log_counts.csv:md5,74ac847e228e3199ac0220ee694d51d4"
                ],
                "3": [
                    "top_stable_genes_transposed_log_counts.csv:md5,5a04259d6aa1aaaef8a4f278ec974648"
                ],
                "4": [
                    [
                        "GENE_STATISTICS",
                        "python",
                        "3.12.8"
                    ]
                ],
                "5": [
                    [
                        "GENE_STATISTICS",
                        "polars",
                        "1.17.1"
                    ]
                ],
                "all_statistics": [
                    "stats_all_genes.csv:md5,9bc5ae8a7ca6dbd4eb95024dac221828"
                ],
                "log_counts": [
                    "all_log_counts.csv:md5,74ac847e228e3199ac0220ee694d51d4"
                ],
                "top_stable_genes_summary": [
                    "top_stable_genes_summary.csv:md5,1058d42898252f207a326ce2aa95559f"
                ],
                "top_stable_genes_transposed_log_counts": [
                    "top_stable_genes_transposed_log_counts.csv:md5,5a04259d6aa1aaaef8a4f278ec974648"
                ]
            }
        ],
        "meta": {
            "nf-test": "0.9.2",
            "nextflow": "24.10.4"
        },
        "timestamp": "2025-02-26T08:06:31.638148021"
    }
}